// Jest Snapshot v1, https://goo.gl/fbAQLP

exports[`experiments with Jest 1`] = `
<div
  className="o-app"
>
  <div
    className="o-app__header"
  >
    <h1
      className="u-margin-none u-margin-left o-flex__stretch"
    >
      Kasisto
    </h1>
    <small
      className="u-muted"
    >
      Testnet
    </small>
  </div>
  <aside
    className="o-app__nav"
  />
  <section
    className="o-app__content"
  />
  <footer
    className="o-app__footer"
  />
</div>
`;
