// Jest Snapshot v1, https://goo.gl/fbAQLP

exports[`experiments with Jest 1`] = `
<div
  className="o-app"
>
  <div
    className="o-app__header"
  >
    <h1
      className="u-margin-none u-margin-left"
    >
      Kasisto
    </h1>
  </div>
  <aside
    className="o-app__nav"
  />
  <section
    className="o-app__content"
  >
    <div
      className="u-align-center"
    >
      <button
        className="c-btn"
        onClick={[Function]}
      >
        Start Payment
      </button>
    </div>
  </section>
  <footer
    className="o-app__footer"
  />
</div>
`;
